Traceback (most recent call last):
  File "/home/lengjing1236/knowpipe/scripts/acceptance_browser010.py", line 108, in <module>
    if __name__ == '__main__': main()
  File "/home/lengjing1236/knowpipe/scripts/acceptance_browser010.py", line 85, in main
    expect(page.locator('#reading-dialog')).to_be_visible()
  File "/home/lengjing1236/.local/lib/python3.10/site-packages/playwright/sync_api/_generated.py", line 23501, in to_be_visible
    self._sync(
  File "/home/lengjing1236/.local/lib/python3.10/site-packages/playwright/_impl/_sync_base.py", line 115, in _sync
    return task.result()
  File "/home/lengjing1236/.local/lib/python3.10/site-packages/playwright/_impl/_assertions.py", line 852, in to_be_visible
    await self._expect_impl(
  File "/home/lengjing1236/.local/lib/python3.10/site-packages/playwright/_impl/_assertions.py", line 128, in _expect_impl
    _record_soft_or_raise(
  File "/home/lengjing1236/.local/lib/python3.10/site-packages/playwright/_impl/_assertions.py", line 60, in _record_soft_or_raise
    raise error
AssertionError: Locator expected to be visible
Actual value: None
Error: element(s) not found 
Call log:
  - Expect "to_be_visible" locator("#reading-dialog") with timeout 5000ms
  - waiting for locator("#reading-dialog")

Aria snapshot:
- main:
  - link "K Knowpipe":
    - /url: /
  - paragraph: 你的知识，持续更新
  - heading "从听见，到理解。" [level=1]
  - paragraph: 订阅播客，阅读文字稿，发现与你相关的新知识。
  - text: 用户名
  - textbox "用户名"
  - text: 密码
  - textbox "密码"
  - text: 新账户密码至少 8 位。注册成功后即可登录。
  - button "登录"
  - button "创建账户"
